// Vitest Snapshot v1, https://vitest.dev/guide/snapshot.html

exports[`the GM catalogue > matches the recorded table, so no row moves without somebody looking 1`] = `
[
  "0 Acoustic Grand Piano: 21-108 poly=Infinity tr=0 measured",
  "1 Bright Acoustic Piano: 21-108 poly=Infinity tr=0 measured",
  "2 Electric Grand Piano: 21-108 poly=Infinity tr=0 measured",
  "3 Honky-tonk Piano: 21-108 poly=Infinity tr=0 measured",
  "4 Electric Piano 1: 28-100 poly=Infinity tr=0 measured",
  "5 Electric Piano 2: 29-88 poly=Infinity tr=0 measured",
  "6 Harpsichord: 29-89 poly=Infinity tr=0 measured",
  "7 Clavinet: 29-88 poly=Infinity tr=0 measured",
  "8 Celesta: 60-108 poly=Infinity tr=-12 measured",
  "9 Glockenspiel: 79-108 poly=Infinity tr=-24 measured",
  "10 Music Box: 48-96 poly=Infinity tr=0 tunable",
  "11 Vibraphone: 53-89 poly=Infinity tr=0 measured",
  "12 Marimba: 36-96 poly=Infinity tr=0 measured",
  "13 Xylophone: 65-108 poly=Infinity tr=-12 measured",
  "14 Tubular Bells: 60-79 poly=Infinity tr=0 measured",
  "15 Dulcimer: 48-96 poly=Infinity tr=0 tunable",
  "16 Drawbar Organ: 36-96 poly=Infinity tr=0 measured",
  "17 Percussive Organ: 36-96 poly=Infinity tr=0 measured",
  "18 Rock Organ: 36-96 poly=Infinity tr=0 measured",
  "19 Church Organ: 24-96 poly=Infinity tr=0 measured",
  "20 Reed Organ: 36-84 poly=Infinity tr=0 measured",
  "21 Accordion: 41-81 poly=Infinity tr=0 measured",
  "22 Harmonica: 60-96 poly=Infinity tr=0 measured",
  "23 Tango Accordion: 41-81 poly=Infinity tr=0 measured",
  "24 Acoustic Guitar (nylon): 40-88 poly=6 tr=12 measured",
  "25 Acoustic Guitar (steel): 40-88 poly=6 tr=12 measured",
  "26 Electric Guitar (jazz): 40-88 poly=6 tr=12 measured",
  "27 Electric Guitar (clean): 40-88 poly=6 tr=12 measured",
  "28 Electric Guitar (muted): 40-88 poly=6 tr=12 measured",
  "29 Overdriven Guitar: 40-88 poly=6 tr=12 measured",
  "30 Distortion Guitar: 40-88 poly=6 tr=12 measured",
  "31 Guitar Harmonics: 40-88 poly=6 tr=12 measured",
  "32 Acoustic Bass: 28-67 poly=4 tr=12 measured",
  "33 Electric Bass (finger): 28-67 poly=4 tr=12 measured",
  "34 Electric Bass (pick): 28-67 poly=4 tr=12 measured",
  "35 Fretless Bass: 28-67 poly=4 tr=12 measured",
  "36 Slap Bass 1: 28-67 poly=4 tr=12 measured",
  "37 Slap Bass 2: 28-67 poly=4 tr=12 measured",
  "38 Synth Bass 1: 28-67 poly=4 tr=12 measured",
  "39 Synth Bass 2: 28-67 poly=4 tr=12 measured",
  "40 Violin: 55-100 poly=2 tr=0 measured",
  "41 Viola: 48-88 poly=2 tr=0 measured",
  "42 Cello: 36-84 poly=2 tr=0 measured",
  "43 Contrabass: 28-67 poly=2 tr=12 measured",
  "44 Tremolo Strings: 28-100 poly=Infinity tr=0 measured",
  "45 Pizzicato Strings: 28-100 poly=Infinity tr=0 measured",
  "46 Orchestral Harp: 24-103 poly=Infinity tr=0 measured",
  "47 Timpani: 38-57 poly=Infinity tr=0 measured",
  "48 String Ensemble 1: 28-100 poly=Infinity tr=0 measured",
  "49 String Ensemble 2: 28-100 poly=Infinity tr=0 measured",
  "50 Synth Strings 1: 21-108 poly=Infinity tr=0 synthetic",
  "51 Synth Strings 2: 21-108 poly=Infinity tr=0 synthetic",
  "52 Choir Aahs: 48-84 poly=Infinity tr=0 measured",
  "53 Voice Oohs: 48-84 poly=Infinity tr=0 measured",
  "54 Synth Voice: 21-108 poly=Infinity tr=0 synthetic",
  "55 Orchestra Hit: 21-108 poly=Infinity tr=0 unpitched",
  "56 Trumpet: 52-86 poly=1 tr=2 measured",
  "57 Trombone: 40-77 poly=1 tr=0 measured",
  "58 Tuba: 26-65 poly=1 tr=0 measured",
  "59 Muted Trumpet: 52-86 poly=1 tr=2 measured",
  "60 French Horn: 35-77 poly=1 tr=7 measured",
  "61 Brass Section: 26-86 poly=Infinity tr=0 measured",
  "62 Synth Brass 1: 21-108 poly=Infinity tr=0 synthetic",
  "63 Synth Brass 2: 21-108 poly=Infinity tr=0 synthetic",
  "64 Soprano Sax: 56-88 poly=1 tr=2 measured",
  "65 Alto Sax: 49-81 poly=1 tr=9 measured",
  "66 Tenor Sax: 44-76 poly=1 tr=14 measured",
  "67 Baritone Sax: 36-69 poly=1 tr=21 measured",
  "68 Oboe: 58-91 poly=1 tr=0 measured",
  "69 English Horn: 52-81 poly=1 tr=7 measured",
  "70 Bassoon: 34-75 poly=1 tr=0 measured",
  "71 Clarinet: 50-94 poly=1 tr=2 measured",
  "72 Piccolo: 74-108 poly=1 tr=-12 measured",
  "73 Flute: 60-98 poly=1 tr=0 measured",
  "74 Recorder: 65-98 poly=1 tr=0 measured",
  "75 Pan Flute: 55-91 poly=1 tr=0 tunable",
  "76 Blown Bottle: 48-96 poly=1 tr=0 tunable",
  "77 Shakuhachi: 62-91 poly=1 tr=0 measured",
  "78 Whistle: 74-98 poly=1 tr=0 measured",
  "79 Ocarina: 69-89 poly=1 tr=0 measured",
  "80 Lead 1 (square): 24-96 poly=Infinity tr=0 synthetic",
  "81 Lead 2 (sawtooth): 24-96 poly=Infinity tr=0 synthetic",
  "82 Lead 3 (calliope): 24-96 poly=Infinity tr=0 synthetic",
  "83 Lead 4 (chiff): 24-96 poly=Infinity tr=0 synthetic",
  "84 Lead 5 (charang): 24-96 poly=Infinity tr=0 synthetic",
  "85 Lead 6 (voice): 24-96 poly=Infinity tr=0 synthetic",
  "86 Lead 7 (fifths): 24-96 poly=Infinity tr=0 synthetic",
  "87 Lead 8 (bass + lead): 24-96 poly=Infinity tr=0 synthetic",
  "88 Pad 1 (new age): 24-96 poly=Infinity tr=0 synthetic",
  "89 Pad 2 (warm): 24-96 poly=Infinity tr=0 synthetic",
  "90 Pad 3 (polysynth): 24-96 poly=Infinity tr=0 synthetic",
  "91 Pad 4 (choir): 24-96 poly=Infinity tr=0 synthetic",
  "92 Pad 5 (bowed): 24-96 poly=Infinity tr=0 synthetic",
  "93 Pad 6 (metallic): 24-96 poly=Infinity tr=0 synthetic",
  "94 Pad 7 (halo): 24-96 poly=Infinity tr=0 synthetic",
  "95 Pad 8 (sweep): 24-96 poly=Infinity tr=0 synthetic",
  "96 FX 1 (rain): 24-96 poly=Infinity tr=0 synthetic",
  "97 FX 2 (soundtrack): 24-96 poly=Infinity tr=0 synthetic",
  "98 FX 3 (crystal): 24-96 poly=Infinity tr=0 synthetic",
  "99 FX 4 (atmosphere): 24-96 poly=Infinity tr=0 synthetic",
  "100 FX 5 (brightness): 24-96 poly=Infinity tr=0 synthetic",
  "101 FX 6 (goblins): 24-96 poly=Infinity tr=0 synthetic",
  "102 FX 7 (echoes): 24-96 poly=Infinity tr=0 synthetic",
  "103 FX 8 (sci-fi): 24-96 poly=Infinity tr=0 synthetic",
  "104 Sitar: 40-84 poly=Infinity tr=0 tunable",
  "105 Banjo: 48-84 poly=5 tr=0 measured",
  "106 Shamisen: 48-79 poly=Infinity tr=0 tunable",
  "107 Koto: 43-84 poly=Infinity tr=0 tunable",
  "108 Kalimba: 53-89 poly=Infinity tr=0 tunable",
  "109 Bagpipe: 62-86 poly=1 tr=0 measured",
  "110 Fiddle: 55-100 poly=2 tr=0 measured",
  "111 Shanai: 57-81 poly=1 tr=0 measured",
  "112 Tinkle Bell: 48-84 poly=Infinity tr=0 unpitched",
  "113 Agogo: 48-84 poly=Infinity tr=0 unpitched",
  "114 Steel Drums: 33-91 poly=Infinity tr=0 measured",
  "115 Woodblock: 48-84 poly=Infinity tr=0 unpitched",
  "116 Taiko Drum: 48-84 poly=Infinity tr=0 tunable",
  "117 Melodic Tom: 48-84 poly=Infinity tr=0 tunable",
  "118 Synth Drum: 21-108 poly=Infinity tr=0 synthetic",
  "119 Reverse Cymbal: 21-108 poly=Infinity tr=0 unpitched",
  "120 Guitar Fret Noise: 21-108 poly=Infinity tr=0 unpitched",
  "121 Breath Noise: 21-108 poly=Infinity tr=0 unpitched",
  "122 Seashore: 21-108 poly=Infinity tr=0 unpitched",
  "123 Bird Tweet: 21-108 poly=Infinity tr=0 unpitched",
  "124 Telephone Ring: 21-108 poly=Infinity tr=0 unpitched",
  "125 Helicopter: 21-108 poly=Infinity tr=0 unpitched",
  "126 Applause: 21-108 poly=Infinity tr=0 unpitched",
  "127 Gunshot: 21-108 poly=Infinity tr=0 unpitched",
]
`;
